#-----------------------------------------------------------
# Vivado v2017.4 (64-bit)
# SW Build 2086221 on Fri Dec 15 20:55:39 MST 2017
# IP Build 2085800 on Fri Dec 15 22:25:07 MST 2017
# Start of session at: Wed Jul  4 21:37:25 2018
# Process ID: 37996
# Current directory: C:/Users/KANG Jian/Desktop/video_trans_advanced/video_trans_sourcecode/ip_new/managed_ip_project
# Command line: vivado.exe -gui_launcher_event rodinguilauncherevent35520 C:\Users\KANG Jian\Desktop\video_trans_advanced\video_trans_sourcecode\ip_new\managed_ip_project\managed_ip_project.xpr
# Log file: C:/Users/KANG Jian/Desktop/video_trans_advanced/video_trans_sourcecode/ip_new/managed_ip_project/vivado.log
# Journal file: C:/Users/KANG Jian/Desktop/video_trans_advanced/video_trans_sourcecode/ip_new/managed_ip_project\vivado.jou
#-----------------------------------------------------------
start_gui
open_project {C:/Users/KANG Jian/Desktop/video_trans_advanced/video_trans_sourcecode/ip_new/managed_ip_project/managed_ip_project.xpr}
