Copyright 1986-2017 Xilinx, Inc. All Rights Reserved.
----------------------------------------------------------------------------------------------
| Tool Version : Vivado v.2017.4 (win64) Build 2086221 Fri Dec 15 20:55:39 MST 2017
| Date         : Thu Aug  2 17:46:17 2018
| Host         : DESKTOP-B3RT09T running 64-bit major release  (build 9200)
| Command      : report_clock_utilization -file eth_rx_gp_tx_top_clock_utilization_routed.rpt
| Design       : eth_rx_gp_tx_top
| Device       : 7a200t-fbg676
| Speed File   : -2  PRODUCTION 1.20 2017-11-01
----------------------------------------------------------------------------------------------

Clock Utilization Report

Table of Contents
-----------------
1. Clock Primitive Utilization
2. Global Clock Resources
3. Global Clock Source Details
4. Local Clock Details
5. Clock Regions: Key Resource Utilization
6. Clock Regions : Global Clock Summary
7. Device Cell Placement Summary for Global Clock g0
8. Device Cell Placement Summary for Global Clock g1
9. Device Cell Placement Summary for Global Clock g2
10. Device Cell Placement Summary for Global Clock g3
11. Device Cell Placement Summary for Global Clock g4
12. Device Cell Placement Summary for Global Clock g5
13. Device Cell Placement Summary for Global Clock g6
14. Device Cell Placement Summary for Global Clock g7
15. Device Cell Placement Summary for Global Clock g8
16. Device Cell Placement Summary for Global Clock g9
17. Device Cell Placement Summary for Global Clock g10
18. Clock Region Cell Placement per Global Clock: Region X0Y0
19. Clock Region Cell Placement per Global Clock: Region X0Y1
20. Clock Region Cell Placement per Global Clock: Region X1Y2
21. Clock Region Cell Placement per Global Clock: Region X0Y4

1. Clock Primitive Utilization
------------------------------

+----------+------+-----------+-----+--------------+--------+
| Type     | Used | Available | LOC | Clock Region | Pblock |
+----------+------+-----------+-----+--------------+--------+
| BUFGCTRL |   10 |        32 |   0 |            0 |      0 |
| BUFH     |    0 |       120 |   0 |            0 |      0 |
| BUFIO    |    1 |        40 |   1 |            0 |      0 |
| BUFMR    |    0 |        20 |   0 |            0 |      0 |
| BUFR     |    1 |        40 |   0 |            0 |      0 |
| MMCM     |    2 |        10 |   0 |            0 |      0 |
| PLL      |    0 |        10 |   0 |            0 |      0 |
+----------+------+-----------+-----+--------------+--------+


2. Global Clock Resources
-------------------------

+-----------+-----------+-----------------+------------+----------------+--------------+-------------------+-------------+-----------------+--------------+------------------------------------------------------------------------------------------------------------------------------+--------------------------------------------------------------------------------------------+---------------------------------------------------------------------------------------+
| Global Id | Source Id | Driver Type/Pin | Constraint | Site           | Clock Region | Load Clock Region | Clock Loads | Non-Clock Loads | Clock Period | Clock                                                                                                                        | Driver Pin                                                                                 | Net                                                                                   |
+-----------+-----------+-----------------+------------+----------------+--------------+-------------------+-------------+-----------------+--------------+------------------------------------------------------------------------------------------------------------------------------+--------------------------------------------------------------------------------------------+---------------------------------------------------------------------------------------+
| g0        | src0      | BUFGCTRL/O      | None       | BUFGCTRL_X0Y16 | n/a          |                 2 |        1395 |               0 |        8.000 | clkout0                                                                                                                      | tri_mode_ethernet_mac_0_0/inst/tri_mode_ethernet_mac_support_clocking_i/clkout1_buf/O      | tri_mode_ethernet_mac_0_0/inst/tri_mode_ethernet_mac_support_clocking_i/gtx_clk_out   |
| g1        | src1      | BUFR/O          | None       | BUFR_X0Y5      | X0Y1         |                 1 |         875 |               0 |        8.000 | RGMII_RXC                                                                                                                    | tri_mode_ethernet_mac_0_0/inst/tri_mode_ethernet_mac_i/rgmii_interface/bufr_rgmii_rx_clk/O | tri_mode_ethernet_mac_0_0/inst/tri_mode_ethernet_mac_i/rgmii_interface/rx_mac_aclk    |
| g2        | src2      | BUFG/O          | None       | BUFGCTRL_X0Y3  | n/a          |                 2 |         710 |               0 |       10.000 | clk_out2_global_clock_generation                                                                                             | clock_gen_0/global_clock_generation_0/inst/clkout2_buf/O                                   | clock_gen_0/global_clock_generation_0/inst/clk_out2                                   |
| g3        | src3      | BUFG/O          | None       | BUFGCTRL_X0Y0  | n/a          |                 2 |         625 |               0 |       40.000 | aurora_8b10b_tx_0/inst/aurora_8b10b_tx_core_i/gt_wrapper_i/aurora_8b10b_tx_multi_gt_i/gt0_aurora_8b10b_tx_i/gtpe2_i/TXOUTCLK | aurora_8b10b_tx_0/inst/clock_module_i/user_clk_buf_i/O                                     | aurora_8b10b_tx_0/inst/clock_module_i/CLK                                             |
| g4        | src2      | BUFG/O          | None       | BUFGCTRL_X0Y4  | n/a          |                 1 |          94 |               0 |       20.000 | clk_out4_global_clock_generation                                                                                             | clock_gen_0/global_clock_generation_0/inst/clkout4_buf/O                                   | clock_gen_0/global_clock_generation_0/inst/clk_out4                                   |
| g5        | src0      | BUFGCTRL/O      | None       | BUFGCTRL_X0Y17 | n/a          |                 2 |          37 |               0 |        8.000 | clkout1                                                                                                                      | tri_mode_ethernet_mac_0_0/inst/tri_mode_ethernet_mac_support_clocking_i/clkout2_buf/O      | tri_mode_ethernet_mac_0_0/inst/tri_mode_ethernet_mac_support_clocking_i/gtx_clk90_out |
| g6        | src2      | BUFG/O          | None       | BUFGCTRL_X0Y5  | n/a          |                 2 |          35 |               0 |        8.000 | clk_out1_global_clock_generation                                                                                             | clock_gen_0/global_clock_generation_0/inst/clkout1_buf/O                                   | clock_gen_0/global_clock_generation_0/inst/clk_out1                                   |
| g7        | src2      | BUFG/O          | None       | BUFGCTRL_X0Y1  | n/a          |                 1 |          20 |               0 |        5.000 | clk_out3_global_clock_generation                                                                                             | clock_gen_0/global_clock_generation_0/inst/clkout3_buf/O                                   | clock_gen_0/global_clock_generation_0/inst/clk_out3                                   |
| g8        | src2      | BUFG/O          | None       | BUFGCTRL_X0Y2  | n/a          |                 1 |          17 |               0 |       20.000 | clk_out5_global_clock_generation                                                                                             | clock_gen_0/global_clock_generation_0/inst/clkout5_buf/O                                   | clock_gen_0/global_clock_generation_0/inst/clk_out5                                   |
| g9        | src4      | BUFGCTRL/O      | None       | BUFGCTRL_X0Y6  | n/a          |                 1 |          13 |               0 |        5.000 | CLK_SYSTEM_P                                                                                                                 | clock_gen_0/bufgce_0/O                                                                     | clock_gen_0/clk_system_bufg                                                           |
| g10       | src2      | BUFG/O          | None       | BUFGCTRL_X0Y7  | n/a          |                 1 |           1 |               0 |        5.000 | clkfbout_global_clock_generation                                                                                             | clock_gen_0/global_clock_generation_0/inst/clkf_buf/O                                      | clock_gen_0/global_clock_generation_0/inst/clkfbout_buf_global_clock_generation       |
+-----------+-----------+-----------------+------------+----------------+--------------+-------------------+-------------+-----------------+--------------+------------------------------------------------------------------------------------------------------------------------------+--------------------------------------------------------------------------------------------+---------------------------------------------------------------------------------------+
* Clock Loads column represents the clock pin loads (pin count)
** Non-Clock Loads column represents the non-clock pin loads (pin count)


3. Global Clock Source Details
------------------------------

+-----------+-----------+------------------------+--------------------+--------------------+--------------+-------------+-----------------+---------------------+------------------------------------------------------------------------------------------------------------------------------+------------------------------------------------------------------------------------------------------------------------------+--------------------------------------------------------------------------------------------------------------------------+
| Source Id | Global Id | Driver Type/Pin        | Constraint         | Site               | Clock Region | Clock Loads | Non-Clock Loads | Source Clock Period | Source Clock                                                                                                                 | Driver Pin                                                                                                                   | Net                                                                                                                      |
+-----------+-----------+------------------------+--------------------+--------------------+--------------+-------------+-----------------+---------------------+------------------------------------------------------------------------------------------------------------------------------+------------------------------------------------------------------------------------------------------------------------------+--------------------------------------------------------------------------------------------------------------------------+
| src0      | g0        | MMCME2_ADV/CLKOUT0     | None               | MMCME2_ADV_X0Y4    | X0Y4         |           1 |               0 |               8.000 | clkout0                                                                                                                      | tri_mode_ethernet_mac_0_0/inst/tri_mode_ethernet_mac_support_clocking_i/mmcm_adv_inst/CLKOUT0                                | tri_mode_ethernet_mac_0_0/inst/tri_mode_ethernet_mac_support_clocking_i/clkout0                                          |
| src0      | g5        | MMCME2_ADV/CLKOUT1     | None               | MMCME2_ADV_X0Y4    | X0Y4         |           1 |               0 |               8.000 | clkout1                                                                                                                      | tri_mode_ethernet_mac_0_0/inst/tri_mode_ethernet_mac_support_clocking_i/mmcm_adv_inst/CLKOUT1                                | tri_mode_ethernet_mac_0_0/inst/tri_mode_ethernet_mac_support_clocking_i/clkout1                                          |
| src1      | g1,       | IBUF/O                 | IOB_X0Y74          | IOB_X0Y74          | X0Y1         |           2 |               0 |               8.000 | RGMII_RXC                                                                                                                    | tri_mode_ethernet_mac_0_0/inst/tri_mode_ethernet_mac_i/rgmii_interface/rgmii_rxc_ibuf_i/O                                    | tri_mode_ethernet_mac_0_0/inst/tri_mode_ethernet_mac_i/rgmii_interface/rgmii_rxc_ibuf                                    |
| src2      | g6        | MMCME2_ADV/CLKOUT0     | None               | MMCME2_ADV_X1Y2    | X1Y2         |           1 |               0 |               8.000 | clk_out1_global_clock_generation                                                                                             | clock_gen_0/global_clock_generation_0/inst/mmcm_adv_inst/CLKOUT0                                                             | clock_gen_0/global_clock_generation_0/inst/clk_out1_global_clock_generation                                              |
| src2      | g2        | MMCME2_ADV/CLKOUT1     | None               | MMCME2_ADV_X1Y2    | X1Y2         |           1 |               0 |              10.000 | clk_out2_global_clock_generation                                                                                             | clock_gen_0/global_clock_generation_0/inst/mmcm_adv_inst/CLKOUT1                                                             | clock_gen_0/global_clock_generation_0/inst/clk_out2_global_clock_generation                                              |
| src2      | g7        | MMCME2_ADV/CLKOUT2     | None               | MMCME2_ADV_X1Y2    | X1Y2         |           1 |               0 |               5.000 | clk_out3_global_clock_generation                                                                                             | clock_gen_0/global_clock_generation_0/inst/mmcm_adv_inst/CLKOUT2                                                             | clock_gen_0/global_clock_generation_0/inst/clk_out3_global_clock_generation                                              |
| src2      | g4        | MMCME2_ADV/CLKOUT3     | None               | MMCME2_ADV_X1Y2    | X1Y2         |           1 |               0 |              20.000 | clk_out4_global_clock_generation                                                                                             | clock_gen_0/global_clock_generation_0/inst/mmcm_adv_inst/CLKOUT3                                                             | clock_gen_0/global_clock_generation_0/inst/clk_out4_global_clock_generation                                              |
| src2      | g8        | MMCME2_ADV/CLKOUT4     | None               | MMCME2_ADV_X1Y2    | X1Y2         |           1 |               0 |              20.000 | clk_out5_global_clock_generation                                                                                             | clock_gen_0/global_clock_generation_0/inst/mmcm_adv_inst/CLKOUT4                                                             | clock_gen_0/global_clock_generation_0/inst/clk_out5_global_clock_generation                                              |
| src2      | g10       | MMCME2_ADV/CLKFBOUT    | None               | MMCME2_ADV_X1Y2    | X1Y2         |           1 |               0 |               5.000 | clkfbout_global_clock_generation                                                                                             | clock_gen_0/global_clock_generation_0/inst/mmcm_adv_inst/CLKFBOUT                                                            | clock_gen_0/global_clock_generation_0/inst/clkfbout_global_clock_generation                                              |
| src3      | g3        | GTPE2_CHANNEL/TXOUTCLK | GTPE2_CHANNEL_X0Y3 | GTPE2_CHANNEL_X0Y3 | X0Y0         |           1 |               0 |              40.000 | aurora_8b10b_tx_0/inst/aurora_8b10b_tx_core_i/gt_wrapper_i/aurora_8b10b_tx_multi_gt_i/gt0_aurora_8b10b_tx_i/gtpe2_i/TXOUTCLK | aurora_8b10b_tx_0/inst/aurora_8b10b_tx_core_i/gt_wrapper_i/aurora_8b10b_tx_multi_gt_i/gt0_aurora_8b10b_tx_i/gtpe2_i/TXOUTCLK | aurora_8b10b_tx_0/inst/aurora_8b10b_tx_core_i/gt_wrapper_i/aurora_8b10b_tx_multi_gt_i/gt0_aurora_8b10b_tx_i/tx_out_clk_i |
| src4      | g9        | IBUFDS/O               | IOB_X1Y124         | IOB_X1Y124         | X1Y2         |           1 |               0 |               5.000 | CLK_SYSTEM_P                                                                                                                 | clock_gen_0/ibufds_0/O                                                                                                       | clock_gen_0/clk_system_in                                                                                                |
+-----------+-----------+------------------------+--------------------+--------------------+--------------+-------------+-----------------+---------------------+------------------------------------------------------------------------------------------------------------------------------+------------------------------------------------------------------------------------------------------------------------------+--------------------------------------------------------------------------------------------------------------------------+
* Clock Loads column represents the clock pin loads (pin count)
** Non-Clock Loads column represents the non-clock pin loads (pin count)


4. Local Clock Details
----------------------

+----------+-------------------------+------------+--------------------------------+--------------+-------------+-----------------+--------------+-------+----------------------------------------------------------------------+-------------------------------------------------------------+
| Local Id | Driver Type/Pin         | Constraint | Site/BEL                       | Clock Region | Clock Loads | Non-Clock Loads | Clock Period | Clock | Driver Pin                                                           | Net                                                         |
+----------+-------------------------+------------+--------------------------------+--------------+-------------+-----------------+--------------+-------+----------------------------------------------------------------------+-------------------------------------------------------------||
| 0        | GTPE2_COMMON/PLL0OUTCLK | None       | GTPE2_COMMON_X0Y0/GTPE2_COMMON | X0Y0         |           1 |               0 |              |       | aurora_8b10b_tx_0/inst/gt_common_support/gtpe2_common_0_i/PLL0OUTCLK | aurora_8b10b_tx_0/inst/gt_common_support/gt0_pll0outclk_out - Static -
| 1        | GTPE2_COMMON/PLL1OUTCLK | None       | GTPE2_COMMON_X0Y0/GTPE2_COMMON | X0Y0         |           1 |               0 |              |       | aurora_8b10b_tx_0/inst/gt_common_support/gtpe2_common_0_i/PLL1OUTCLK | aurora_8b10b_tx_0/inst/gt_common_support/gt0_pll1outclk_out - Static -
+----------+-------------------------+------------+--------------------------------+--------------+-------------+-----------------+--------------+-------+----------------------------------------------------------------------+-------------------------------------------------------------||
* Local Clocks in this context represents only clocks driven by non-global buffers
** Clock Loads column represents the clock pin loads (pin count)
*** Non-Clock Loads column represents the non-clock pin loads (pin count)


5. Clock Regions: Key Resource Utilization
------------------------------------------

+-------------------+--------------+--------------+--------------+--------------+--------------+--------------+--------------+--------------+--------------+--------------+--------------+--------------+--------------+--------------+--------------+
|                   | Global Clock |     BUFRs    |    BUFMRs    |    BUFIOs    |     MMCM     |      PLL     |      GT      |      PCI     |    ILOGIC    |    OLOGIC    |      FF      |     LUTM     |    RAMB18    |    RAMB36    |    DSP48E2   |
+-------------------+------+-------+------+-------+------+-------+------+-------+------+-------+------+-------+------+-------+------+-------+------+-------+------+-------+------+-------+------+-------+------+-------+------+-------+------+-------+
| Clock Region Name | Used | Avail | Used | Avail | Used | Avail | Used | Avail | Used | Avail | Used | Avail | Used | Avail | Used | Avail | Used | Avail | Used | Avail | Used | Avail | Used | Avail | Used | Avail | Used | Avail | Used | Avail |
+-------------------+------+-------+------+-------+------+-------+------+-------+------+-------+------+-------+------+-------+------+-------+------+-------+------+-------+------+-------+------+-------+------+-------+------+-------+------+-------+
| X0Y0              |    6 |    12 |    0 |     4 |    0 |     2 |    0 |     4 |    0 |     1 |    0 |     1 |    1 |     4 |    0 |     0 |    0 |    50 |    0 |    50 | 1609 |  2700 |  495 |   800 |    0 |    60 |    0 |    30 |    0 |    60 |
| X1Y0              |    0 |    12 |    0 |     4 |    0 |     2 |    0 |     4 |    0 |     1 |    0 |     1 |    0 |     4 |    0 |     0 |    0 |    50 |    0 |    50 |    0 |  2500 |    0 |   800 |    0 |    40 |    0 |    20 |    0 |    40 |
| X0Y1              |    8 |    12 |    1 |     4 |    0 |     2 |    1 |     4 |    0 |     1 |    0 |     1 |    0 |     0 |    0 |     0 |    5 |    50 |    6 |    50 | 2005 |  4200 |  612 |  1400 |    0 |   100 |   32 |    50 |    0 |   100 |
| X1Y1              |    0 |    12 |    0 |     4 |    0 |     2 |    0 |     4 |    0 |     1 |    0 |     1 |    0 |     0 |    0 |     0 |    0 |    50 |    0 |    50 |    0 |  4000 |    0 |  1400 |    0 |    80 |    0 |    40 |    0 |    80 |
| X0Y2              |    0 |    12 |    0 |     4 |    0 |     2 |    0 |     4 |    0 |     1 |    0 |     1 |    0 |     0 |    0 |     0 |    0 |    50 |    0 |    50 |    0 |  3600 |    0 |  1400 |    0 |   100 |    0 |    50 |    0 |   100 |
| X1Y2              |    2 |    12 |    0 |     4 |    0 |     2 |    0 |     4 |    1 |     1 |    0 |     1 |    0 |     0 |    0 |     0 |    0 |    50 |    0 |    50 |   12 |  4000 |   11 |  1400 |    0 |    80 |    0 |    40 |    0 |    80 |
| X0Y3              |    0 |    12 |    0 |     4 |    0 |     2 |    0 |     4 |    0 |     1 |    0 |     1 |    0 |     0 |    0 |     0 |    0 |    50 |    0 |    50 |    0 |  3600 |    0 |  1400 |    0 |   100 |    0 |    50 |    0 |   100 |
| X1Y3              |    0 |    12 |    0 |     4 |    0 |     2 |    0 |     4 |    0 |     1 |    0 |     1 |    0 |     0 |    0 |     0 |    0 |    50 |    0 |    50 |    0 |  4000 |    0 |  1400 |    0 |    80 |    0 |    40 |    0 |    80 |
| X0Y4              |    1 |    12 |    0 |     4 |    0 |     2 |    0 |     4 |    1 |     1 |    0 |     1 |    0 |     4 |    0 |     1 |    0 |    50 |    0 |    50 |    0 |  2550 |    0 |   750 |    0 |    50 |    0 |    25 |    0 |    60 |
| X1Y4              |    0 |    12 |    0 |     4 |    0 |     2 |    0 |     4 |    0 |     1 |    0 |     1 |    0 |     4 |    0 |     0 |    0 |    50 |    0 |    50 |    0 |  2500 |    0 |   800 |    0 |    40 |    0 |    20 |    0 |    40 |
+-------------------+------+-------+------+-------+------+-------+------+-------+------+-------+------+-------+------+-------+------+-------+------+-------+------+-------+------+-------+------+-------+------+-------+------+-------+------+-------+
* Global Clock column represents track count; while other columns represents cell counts


6. Clock Regions : Global Clock Summary
---------------------------------------

All Modules
+----+----+----+
|    | X0 | X1 |
+----+----+----+
| Y4 |  1 |  0 |
| Y3 |  0 |  0 |
| Y2 |  0 |  2 |
| Y1 |  8 |  0 |
| Y0 |  6 |  0 |
+----+----+----+


7. Device Cell Placement Summary for Global Clock g0
----------------------------------------------------

+-----------+-----------------+-------------------+---------+-------------+---------------+-------------+----------+----------------+----------+-------------------------------------------------------------------------------------+
| Global Id | Driver Type/Pin | Driver Region (D) | Clock   | Period (ns) | Waveform (ns) | Slice Loads | IO Loads | Clocking Loads | GT Loads | Net                                                                                 |
+-----------+-----------------+-------------------+---------+-------------+---------------+-------------+----------+----------------+----------+-------------------------------------------------------------------------------------+
| g0        | BUFGCTRL/O      | n/a               | clkout0 |       8.000 | {0.000 4.000} |        1335 |        0 |              0 |        0 | tri_mode_ethernet_mac_0_0/inst/tri_mode_ethernet_mac_support_clocking_i/gtx_clk_out |
+-----------+-----------------+-------------------+---------+-------------+---------------+-------------+----------+----------------+----------+-------------------------------------------------------------------------------------+
* Logic Loads column represents load cell count of all cell types other than IO, GT and clock resources
** IO Loads column represents load cell count of IO types
*** Clocking Loads column represents load cell count that are clock resources (global clock buffer, MMCM, PLL, etc)
**** GT Loads column represents load cell count of GT types


+----+------+----+
|    | X0   | X1 |
+----+------+----+
| Y4 |    0 |  0 |
| Y3 |    0 |  0 |
| Y2 |    0 |  0 |
| Y1 |  527 |  0 |
| Y0 |  808 |  0 |
+----+------+----+


8. Device Cell Placement Summary for Global Clock g1
----------------------------------------------------

+-----------+-----------------+-------------------+-----------+-------------+---------------+-------------+----------+----------------+----------+------------------------------------------------------------------------------------+
| Global Id | Driver Type/Pin | Driver Region (D) | Clock     | Period (ns) | Waveform (ns) | Slice Loads | IO Loads | Clocking Loads | GT Loads | Net                                                                                |
+-----------+-----------------+-------------------+-----------+-------------+---------------+-------------+----------+----------------+----------+------------------------------------------------------------------------------------+
| g1        | BUFR/O          | X0Y1              | RGMII_RXC |       8.000 | {0.000 4.000} |         867 |        0 |              0 |        0 | tri_mode_ethernet_mac_0_0/inst/tri_mode_ethernet_mac_i/rgmii_interface/rx_mac_aclk |
+-----------+-----------------+-------------------+-----------+-------------+---------------+-------------+----------+----------------+----------+------------------------------------------------------------------------------------+
* Logic Loads column represents load cell count of all cell types other than IO, GT and clock resources
** IO Loads column represents load cell count of IO types
*** Clocking Loads column represents load cell count that are clock resources (global clock buffer, MMCM, PLL, etc)
**** GT Loads column represents load cell count of GT types


+----+----------+----+
|    | X0       | X1 |
+----+----------+----+
| Y4 |        0 |  0 |
| Y3 |        0 |  0 |
| Y2 |        0 |  0 |
| Y1 |  (D) 867 |  0 |
| Y0 |        0 |  0 |
+----+----------+----+


9. Device Cell Placement Summary for Global Clock g2
----------------------------------------------------

+-----------+-----------------+-------------------+----------------------------------+-------------+---------------+-------------+----------+----------------+----------+-----------------------------------------------------+
| Global Id | Driver Type/Pin | Driver Region (D) | Clock                            | Period (ns) | Waveform (ns) | Slice Loads | IO Loads | Clocking Loads | GT Loads | Net                                                 |
+-----------+-----------------+-------------------+----------------------------------+-------------+---------------+-------------+----------+----------------+----------+-----------------------------------------------------+
| g2        | BUFG/O          | n/a               | clk_out2_global_clock_generation |      10.000 | {0.000 5.000} |         694 |        0 |              0 |        0 | clock_gen_0/global_clock_generation_0/inst/clk_out2 |
+-----------+-----------------+-------------------+----------------------------------+-------------+---------------+-------------+----------+----------------+----------+-----------------------------------------------------+
* Logic Loads column represents load cell count of all cell types other than IO, GT and clock resources
** IO Loads column represents load cell count of IO types
*** Clocking Loads column represents load cell count that are clock resources (global clock buffer, MMCM, PLL, etc)
**** GT Loads column represents load cell count of GT types


+----+------+----+
|    | X0   | X1 |
+----+------+----+
| Y4 |    0 |  0 |
| Y3 |    0 |  0 |
| Y2 |    0 |  0 |
| Y1 |   44 |  0 |
| Y0 |  650 |  0 |
+----+------+----+


10. Device Cell Placement Summary for Global Clock g3
-----------------------------------------------------

+-----------+-----------------+-------------------+------------------------------------------------------------------------------------------------------------------------------+-------------+----------------+-------------+----------+----------------+----------+-------------------------------------------+
| Global Id | Driver Type/Pin | Driver Region (D) | Clock                                                                                                                        | Period (ns) | Waveform (ns)  | Slice Loads | IO Loads | Clocking Loads | GT Loads | Net                                       |
+-----------+-----------------+-------------------+------------------------------------------------------------------------------------------------------------------------------+-------------+----------------+-------------+----------+----------------+----------+-------------------------------------------+
| g3        | BUFG/O          | n/a               | aurora_8b10b_tx_0/inst/aurora_8b10b_tx_core_i/gt_wrapper_i/aurora_8b10b_tx_multi_gt_i/gt0_aurora_8b10b_tx_i/gtpe2_i/TXOUTCLK |      40.000 | {0.000 20.000} |         621 |        0 |              0 |        1 | aurora_8b10b_tx_0/inst/clock_module_i/CLK |
+-----------+-----------------+-------------------+------------------------------------------------------------------------------------------------------------------------------+-------------+----------------+-------------+----------+----------------+----------+-------------------------------------------+
* Logic Loads column represents load cell count of all cell types other than IO, GT and clock resources
** IO Loads column represents load cell count of IO types
*** Clocking Loads column represents load cell count that are clock resources (global clock buffer, MMCM, PLL, etc)
**** GT Loads column represents load cell count of GT types


+----+------+----+
|    | X0   | X1 |
+----+------+----+
| Y4 |    0 |  0 |
| Y3 |    0 |  0 |
| Y2 |    0 |  0 |
| Y1 |  596 |  0 |
| Y0 |   26 |  0 |
+----+------+----+


11. Device Cell Placement Summary for Global Clock g4
-----------------------------------------------------

+-----------+-----------------+-------------------+----------------------------------+-------------+----------------+-------------+----------+----------------+----------+-----------------------------------------------------+
| Global Id | Driver Type/Pin | Driver Region (D) | Clock                            | Period (ns) | Waveform (ns)  | Slice Loads | IO Loads | Clocking Loads | GT Loads | Net                                                 |
+-----------+-----------------+-------------------+----------------------------------+-------------+----------------+-------------+----------+----------------+----------+-----------------------------------------------------+
| g4        | BUFG/O          | n/a               | clk_out4_global_clock_generation |      20.000 | {0.000 10.000} |          93 |        0 |              0 |        1 | clock_gen_0/global_clock_generation_0/inst/clk_out4 |
+-----------+-----------------+-------------------+----------------------------------+-------------+----------------+-------------+----------+----------------+----------+-----------------------------------------------------+
* Logic Loads column represents load cell count of all cell types other than IO, GT and clock resources
** IO Loads column represents load cell count of IO types
*** Clocking Loads column represents load cell count that are clock resources (global clock buffer, MMCM, PLL, etc)
**** GT Loads column represents load cell count of GT types


+----+-----+----+
|    | X0  | X1 |
+----+-----+----+
| Y4 |   0 |  0 |
| Y3 |   0 |  0 |
| Y2 |   0 |  0 |
| Y1 |   0 |  0 |
| Y0 |  94 |  0 |
+----+-----+----+


12. Device Cell Placement Summary for Global Clock g5
-----------------------------------------------------

+-----------+-----------------+-------------------+---------+-------------+---------------+-------------+----------+----------------+----------+---------------------------------------------------------------------------------------+
| Global Id | Driver Type/Pin | Driver Region (D) | Clock   | Period (ns) | Waveform (ns) | Slice Loads | IO Loads | Clocking Loads | GT Loads | Net                                                                                   |
+-----------+-----------------+-------------------+---------+-------------+---------------+-------------+----------+----------------+----------+---------------------------------------------------------------------------------------+
| g5        | BUFGCTRL/O      | n/a               | clkout1 |       8.000 | {2.000 6.000} |          37 |        0 |              0 |        0 | tri_mode_ethernet_mac_0_0/inst/tri_mode_ethernet_mac_support_clocking_i/gtx_clk90_out |
+-----------+-----------------+-------------------+---------+-------------+---------------+-------------+----------+----------------+----------+---------------------------------------------------------------------------------------+
* Logic Loads column represents load cell count of all cell types other than IO, GT and clock resources
** IO Loads column represents load cell count of IO types
*** Clocking Loads column represents load cell count that are clock resources (global clock buffer, MMCM, PLL, etc)
**** GT Loads column represents load cell count of GT types


+----+-----+----+
|    | X0  | X1 |
+----+-----+----+
| Y4 |   0 |  0 |
| Y3 |   0 |  0 |
| Y2 |   0 |  0 |
| Y1 |  16 |  0 |
| Y0 |  21 |  0 |
+----+-----+----+


13. Device Cell Placement Summary for Global Clock g6
-----------------------------------------------------

+-----------+-----------------+-------------------+----------------------------------+-------------+---------------+-------------+----------+----------------+----------+-----------------------------------------------------+
| Global Id | Driver Type/Pin | Driver Region (D) | Clock                            | Period (ns) | Waveform (ns) | Slice Loads | IO Loads | Clocking Loads | GT Loads | Net                                                 |
+-----------+-----------------+-------------------+----------------------------------+-------------+---------------+-------------+----------+----------------+----------+-----------------------------------------------------+
| g6        | BUFG/O          | n/a               | clk_out1_global_clock_generation |       8.000 | {0.000 4.000} |          34 |        0 |              1 |        0 | clock_gen_0/global_clock_generation_0/inst/clk_out1 |
+-----------+-----------------+-------------------+----------------------------------+-------------+---------------+-------------+----------+----------------+----------+-----------------------------------------------------+
* Logic Loads column represents load cell count of all cell types other than IO, GT and clock resources
** IO Loads column represents load cell count of IO types
*** Clocking Loads column represents load cell count that are clock resources (global clock buffer, MMCM, PLL, etc)
**** GT Loads column represents load cell count of GT types


+----+-----+----+
|    | X0  | X1 |
+----+-----+----+
| Y4 |   1 |  0 |
| Y3 |   0 |  0 |
| Y2 |   0 |  0 |
| Y1 |  34 |  0 |
| Y0 |   0 |  0 |
+----+-----+----+


14. Device Cell Placement Summary for Global Clock g7
-----------------------------------------------------

+-----------+-----------------+-------------------+----------------------------------+-------------+---------------+-------------+----------+----------------+----------+-----------------------------------------------------+
| Global Id | Driver Type/Pin | Driver Region (D) | Clock                            | Period (ns) | Waveform (ns) | Slice Loads | IO Loads | Clocking Loads | GT Loads | Net                                                 |
+-----------+-----------------+-------------------+----------------------------------+-------------+---------------+-------------+----------+----------------+----------+-----------------------------------------------------+
| g7        | BUFG/O          | n/a               | clk_out3_global_clock_generation |       5.000 | {0.000 2.500} |          20 |        0 |              0 |        0 | clock_gen_0/global_clock_generation_0/inst/clk_out3 |
+-----------+-----------------+-------------------+----------------------------------+-------------+---------------+-------------+----------+----------------+----------+-----------------------------------------------------+
* Logic Loads column represents load cell count of all cell types other than IO, GT and clock resources
** IO Loads column represents load cell count of IO types
*** Clocking Loads column represents load cell count that are clock resources (global clock buffer, MMCM, PLL, etc)
**** GT Loads column represents load cell count of GT types


+----+-----+----+
|    | X0  | X1 |
+----+-----+----+
| Y4 |   0 |  0 |
| Y3 |   0 |  0 |
| Y2 |   0 |  0 |
| Y1 |  20 |  0 |
| Y0 |   0 |  0 |
+----+-----+----+


15. Device Cell Placement Summary for Global Clock g8
-----------------------------------------------------

+-----------+-----------------+-------------------+----------------------------------+-------------+----------------+-------------+----------+----------------+----------+-----------------------------------------------------+
| Global Id | Driver Type/Pin | Driver Region (D) | Clock                            | Period (ns) | Waveform (ns)  | Slice Loads | IO Loads | Clocking Loads | GT Loads | Net                                                 |
+-----------+-----------------+-------------------+----------------------------------+-------------+----------------+-------------+----------+----------------+----------+-----------------------------------------------------+
| g8        | BUFG/O          | n/a               | clk_out5_global_clock_generation |      20.000 | {0.000 10.000} |          16 |        0 |              0 |        1 | clock_gen_0/global_clock_generation_0/inst/clk_out5 |
+-----------+-----------------+-------------------+----------------------------------+-------------+----------------+-------------+----------+----------------+----------+-----------------------------------------------------+
* Logic Loads column represents load cell count of all cell types other than IO, GT and clock resources
** IO Loads column represents load cell count of IO types
*** Clocking Loads column represents load cell count that are clock resources (global clock buffer, MMCM, PLL, etc)
**** GT Loads column represents load cell count of GT types


+----+-----+----+
|    | X0  | X1 |
+----+-----+----+
| Y4 |   0 |  0 |
| Y3 |   0 |  0 |
| Y2 |   0 |  0 |
| Y1 |   0 |  0 |
| Y0 |  17 |  0 |
+----+-----+----+


16. Device Cell Placement Summary for Global Clock g9
-----------------------------------------------------

+-----------+-----------------+-------------------+--------------+-------------+---------------+-------------+----------+----------------+----------+-----------------------------+
| Global Id | Driver Type/Pin | Driver Region (D) | Clock        | Period (ns) | Waveform (ns) | Slice Loads | IO Loads | Clocking Loads | GT Loads | Net                         |
+-----------+-----------------+-------------------+--------------+-------------+---------------+-------------+----------+----------------+----------+-----------------------------+
| g9        | BUFGCTRL/O      | n/a               | CLK_SYSTEM_P |       5.000 | {0.000 2.500} |          12 |        0 |              1 |        0 | clock_gen_0/clk_system_bufg |
+-----------+-----------------+-------------------+--------------+-------------+---------------+-------------+----------+----------------+----------+-----------------------------+
* Logic Loads column represents load cell count of all cell types other than IO, GT and clock resources
** IO Loads column represents load cell count of IO types
*** Clocking Loads column represents load cell count that are clock resources (global clock buffer, MMCM, PLL, etc)
**** GT Loads column represents load cell count of GT types


+----+----+-----+
|    | X0 | X1  |
+----+----+-----+
| Y4 |  0 |   0 |
| Y3 |  0 |   0 |
| Y2 |  0 |  13 |
| Y1 |  0 |   0 |
| Y0 |  0 |   0 |
+----+----+-----+


17. Device Cell Placement Summary for Global Clock g10
------------------------------------------------------

+-----------+-----------------+-------------------+----------------------------------+-------------+---------------+-------------+----------+----------------+----------+---------------------------------------------------------------------------------+
| Global Id | Driver Type/Pin | Driver Region (D) | Clock                            | Period (ns) | Waveform (ns) | Slice Loads | IO Loads | Clocking Loads | GT Loads | Net                                                                             |
+-----------+-----------------+-------------------+----------------------------------+-------------+---------------+-------------+----------+----------------+----------+---------------------------------------------------------------------------------+
| g10       | BUFG/O          | n/a               | clkfbout_global_clock_generation |       5.000 | {0.000 2.500} |           0 |        0 |              1 |        0 | clock_gen_0/global_clock_generation_0/inst/clkfbout_buf_global_clock_generation |
+-----------+-----------------+-------------------+----------------------------------+-------------+---------------+-------------+----------+----------------+----------+---------------------------------------------------------------------------------+
* Logic Loads column represents load cell count of all cell types other than IO, GT and clock resources
** IO Loads column represents load cell count of IO types
*** Clocking Loads column represents load cell count that are clock resources (global clock buffer, MMCM, PLL, etc)
**** GT Loads column represents load cell count of GT types


+----+----+----+
|    | X0 | X1 |
+----+----+----+
| Y4 |  0 |  0 |
| Y3 |  0 |  0 |
| Y2 |  0 |  1 |
| Y1 |  0 |  0 |
| Y0 |  0 |  0 |
+----+----+----+


18. Clock Region Cell Placement per Global Clock: Region X0Y0
-------------------------------------------------------------

+-----------+-------+-----------------+------------+-------------+-----------------+-----+--------+------+-----+----+------+-----+---------+---------------------------------------------------------------------------------------+
| Global Id | Track | Driver Type/Pin | Constraint | Clock Loads | Non-Clock Loads | FF  | LUTRAM | RAMB | DSP | GT | MMCM | PLL | Hard IP | Net                                                                                   |
+-----------+-------+-----------------+------------+-------------+-----------------+-----+--------+------+-----+----+------+-----+---------+---------------------------------------------------------------------------------------+
| g0        | n/a   | BUFGCTRL/O      | None       |         808 |               0 | 806 |      2 |    0 |   0 |  0 |    0 |   0 |       0 | tri_mode_ethernet_mac_0_0/inst/tri_mode_ethernet_mac_support_clocking_i/gtx_clk_out   |
| g2        | n/a   | BUFG/O          | None       |         650 |               0 | 649 |      1 |    0 |   0 |  0 |    0 |   0 |       0 | clock_gen_0/global_clock_generation_0/inst/clk_out2                                   |
| g3        | n/a   | BUFG/O          | None       |          26 |               0 |  24 |      1 |    0 |   0 |  1 |    0 |   0 |       0 | aurora_8b10b_tx_0/inst/clock_module_i/CLK                                             |
| g4        | n/a   | BUFG/O          | None       |          94 |               0 |  93 |      0 |    0 |   0 |  0 |    0 |   0 |       0 | clock_gen_0/global_clock_generation_0/inst/clk_out4                                   |
| g5        | n/a   | BUFGCTRL/O      | None       |          21 |               0 |  21 |      0 |    0 |   0 |  0 |    0 |   0 |       0 | tri_mode_ethernet_mac_0_0/inst/tri_mode_ethernet_mac_support_clocking_i/gtx_clk90_out |
| g8        | n/a   | BUFG/O          | None       |          17 |               0 |  16 |      0 |    0 |   0 |  1 |    0 |   0 |       0 | clock_gen_0/global_clock_generation_0/inst/clk_out5                                   |
+-----------+-------+-----------------+------------+-------------+-----------------+-----+--------+------+-----+----+------+-----+---------+---------------------------------------------------------------------------------------+
* Clock Loads column represents the clock pin loads (pin count)
** Non-Clock Loads column represents the non-clock pin loads (pin count)
*** Columns FF, LUTRAM, RAMB through 'Hard IP' represents load cell counts


19. Clock Region Cell Placement per Global Clock: Region X0Y1
-------------------------------------------------------------

+-----------+-------+-----------------+------------+-------------+-----------------+-----+--------+------+-----+----+------+-----+---------+---------------------------------------------------------------------------------------+
| Global Id | Track | Driver Type/Pin | Constraint | Clock Loads | Non-Clock Loads | FF  | LUTRAM | RAMB | DSP | GT | MMCM | PLL | Hard IP | Net                                                                                   |
+-----------+-------+-----------------+------------+-------------+-----------------+-----+--------+------+-----+----+------+-----+---------+---------------------------------------------------------------------------------------+
| g0        | n/a   | BUFGCTRL/O      | None       |         527 |               0 | 516 |      6 |    0 |   0 |  0 |    0 |   0 |       0 | tri_mode_ethernet_mac_0_0/inst/tri_mode_ethernet_mac_support_clocking_i/gtx_clk_out   |
| g1        | n/a   | BUFR/O          | None       |         867 |               0 | 821 |     14 |   32 |   0 |  0 |    0 |   0 |       0 | tri_mode_ethernet_mac_0_0/inst/tri_mode_ethernet_mac_i/rgmii_interface/rx_mac_aclk    |
| g2        | n/a   | BUFG/O          | None       |          44 |               0 |  44 |      0 |    0 |   0 |  0 |    0 |   0 |       0 | clock_gen_0/global_clock_generation_0/inst/clk_out2                                   |
| g3        | n/a   | BUFG/O          | None       |         596 |               0 | 556 |      8 |   32 |   0 |  0 |    0 |   0 |       0 | aurora_8b10b_tx_0/inst/clock_module_i/CLK                                             |
| g5        | n/a   | BUFGCTRL/O      | None       |          16 |               0 |  15 |      0 |    0 |   0 |  0 |    0 |   0 |       0 | tri_mode_ethernet_mac_0_0/inst/tri_mode_ethernet_mac_support_clocking_i/gtx_clk90_out |
| g6        | n/a   | BUFG/O          | None       |          34 |               0 |  34 |      0 |    0 |   0 |  0 |    0 |   0 |       0 | clock_gen_0/global_clock_generation_0/inst/clk_out1                                   |
| g7        | n/a   | BUFG/O          | None       |          20 |               0 |  19 |      0 |    0 |   0 |  0 |    0 |   0 |       0 | clock_gen_0/global_clock_generation_0/inst/clk_out3                                   |
+-----------+-------+-----------------+------------+-------------+-----------------+-----+--------+------+-----+----+------+-----+---------+---------------------------------------------------------------------------------------+
* Clock Loads column represents the clock pin loads (pin count)
** Non-Clock Loads column represents the non-clock pin loads (pin count)
*** Columns FF, LUTRAM, RAMB through 'Hard IP' represents load cell counts


20. Clock Region Cell Placement per Global Clock: Region X1Y2
-------------------------------------------------------------

+-----------+-------+-----------------+------------+-------------+-----------------+----+--------+------+-----+----+------+-----+---------+---------------------------------------------------------------------------------+
| Global Id | Track | Driver Type/Pin | Constraint | Clock Loads | Non-Clock Loads | FF | LUTRAM | RAMB | DSP | GT | MMCM | PLL | Hard IP | Net                                                                             |
+-----------+-------+-----------------+------------+-------------+-----------------+----+--------+------+-----+----+------+-----+---------+---------------------------------------------------------------------------------+
| g9        | n/a   | BUFGCTRL/O      | None       |          13 |               0 | 12 |      0 |    0 |   0 |  0 |    1 |   0 |       0 | clock_gen_0/clk_system_bufg                                                     |
| g10       | n/a   | BUFG/O          | None       |           1 |               0 |  0 |      0 |    0 |   0 |  0 |    1 |   0 |       0 | clock_gen_0/global_clock_generation_0/inst/clkfbout_buf_global_clock_generation |
+-----------+-------+-----------------+------------+-------------+-----------------+----+--------+------+-----+----+------+-----+---------+---------------------------------------------------------------------------------+
* Clock Loads column represents the clock pin loads (pin count)
** Non-Clock Loads column represents the non-clock pin loads (pin count)
*** Columns FF, LUTRAM, RAMB through 'Hard IP' represents load cell counts


21. Clock Region Cell Placement per Global Clock: Region X0Y4
-------------------------------------------------------------

+-----------+-------+-----------------+------------+-------------+-----------------+----+--------+------+-----+----+------+-----+---------+-----------------------------------------------------+
| Global Id | Track | Driver Type/Pin | Constraint | Clock Loads | Non-Clock Loads | FF | LUTRAM | RAMB | DSP | GT | MMCM | PLL | Hard IP | Net                                                 |
+-----------+-------+-----------------+------------+-------------+-----------------+----+--------+------+-----+----+------+-----+---------+-----------------------------------------------------+
| g6        | n/a   | BUFG/O          | None       |           1 |               0 |  0 |      0 |    0 |   0 |  0 |    1 |   0 |       0 | clock_gen_0/global_clock_generation_0/inst/clk_out1 |
+-----------+-------+-----------------+------------+-------------+-----------------+----+--------+------+-----+----+------+-----+---------+-----------------------------------------------------+
* Clock Loads column represents the clock pin loads (pin count)
** Non-Clock Loads column represents the non-clock pin loads (pin count)
*** Columns FF, LUTRAM, RAMB through 'Hard IP' represents load cell counts



# Location of BUFG Primitives 
set_property LOC BUFGCTRL_X0Y16 [get_cells tri_mode_ethernet_mac_0_0/inst/tri_mode_ethernet_mac_support_clocking_i/clkout1_buf]
set_property LOC BUFGCTRL_X0Y17 [get_cells tri_mode_ethernet_mac_0_0/inst/tri_mode_ethernet_mac_support_clocking_i/clkout2_buf]
set_property LOC BUFGCTRL_X0Y7 [get_cells clock_gen_0/global_clock_generation_0/inst/clkf_buf]
set_property LOC BUFGCTRL_X0Y2 [get_cells clock_gen_0/global_clock_generation_0/inst/clkout5_buf]
set_property LOC BUFGCTRL_X0Y4 [get_cells clock_gen_0/global_clock_generation_0/inst/clkout4_buf]
set_property LOC BUFGCTRL_X0Y1 [get_cells clock_gen_0/global_clock_generation_0/inst/clkout3_buf]
set_property LOC BUFGCTRL_X0Y3 [get_cells clock_gen_0/global_clock_generation_0/inst/clkout2_buf]
set_property LOC BUFGCTRL_X0Y5 [get_cells clock_gen_0/global_clock_generation_0/inst/clkout1_buf]
set_property LOC BUFGCTRL_X0Y6 [get_cells clock_gen_0/bufgce_0]
set_property LOC BUFGCTRL_X0Y0 [get_cells aurora_8b10b_tx_0/inst/clock_module_i/user_clk_buf_i]

# Location of BUFIO Primitives 
set_property LOC BUFIO_X0Y5 [get_cells tri_mode_ethernet_mac_0_0/inst/tri_mode_ethernet_mac_i/rgmii_interface/bufio_rgmii_rx_clk]

# Location of BUFR Primitives 
set_property LOC BUFR_X0Y5 [get_cells tri_mode_ethernet_mac_0_0/inst/tri_mode_ethernet_mac_i/rgmii_interface/bufr_rgmii_rx_clk]

# Location of IO Primitives which is load of clock spine

# Location of clock ports
set_property LOC IOB_X1Y123 [get_ports CLK_SYSTEM_N]
set_property LOC IOB_X1Y124 [get_ports CLK_SYSTEM_P]
set_property LOC IOB_X0Y74 [get_ports RGMII_RXC]

# Clock net "tri_mode_ethernet_mac_0_0/inst/tri_mode_ethernet_mac_support_clocking_i/gtx_clk_out" driven by instance "tri_mode_ethernet_mac_0_0/inst/tri_mode_ethernet_mac_support_clocking_i/clkout1_buf" located at site "BUFGCTRL_X0Y16"
#startgroup
create_pblock {CLKAG_tri_mode_ethernet_mac_0_0/inst/tri_mode_ethernet_mac_support_clocking_i/gtx_clk_out}
add_cells_to_pblock [get_pblocks  {CLKAG_tri_mode_ethernet_mac_0_0/inst/tri_mode_ethernet_mac_support_clocking_i/gtx_clk_out}] [get_cells -filter { PRIMITIVE_GROUP != I/O && IS_PRIMITIVE==1 && PRIMITIVE_LEVEL !=INTERNAL } -of_object [get_pins -filter {DIRECTION==IN} -of_objects [get_nets -hierarchical -filter {PARENT=="tri_mode_ethernet_mac_0_0/inst/tri_mode_ethernet_mac_support_clocking_i/gtx_clk_out"}]]]
resize_pblock [get_pblocks {CLKAG_tri_mode_ethernet_mac_0_0/inst/tri_mode_ethernet_mac_support_clocking_i/gtx_clk_out}] -add {CLOCKREGION_X0Y0:CLOCKREGION_X0Y0 CLOCKREGION_X0Y1:CLOCKREGION_X0Y1}
#endgroup

# Clock net "tri_mode_ethernet_mac_0_0/inst/tri_mode_ethernet_mac_support_clocking_i/gtx_clk90_out" driven by instance "tri_mode_ethernet_mac_0_0/inst/tri_mode_ethernet_mac_support_clocking_i/clkout2_buf" located at site "BUFGCTRL_X0Y17"
#startgroup
create_pblock {CLKAG_tri_mode_ethernet_mac_0_0/inst/tri_mode_ethernet_mac_support_clocking_i/gtx_clk90_out}
add_cells_to_pblock [get_pblocks  {CLKAG_tri_mode_ethernet_mac_0_0/inst/tri_mode_ethernet_mac_support_clocking_i/gtx_clk90_out}] [get_cells -filter { PRIMITIVE_GROUP != I/O && IS_PRIMITIVE==1 && PRIMITIVE_LEVEL !=INTERNAL } -of_object [get_pins -filter {DIRECTION==IN} -of_objects [get_nets -hierarchical -filter {PARENT=="tri_mode_ethernet_mac_0_0/inst/tri_mode_ethernet_mac_support_clocking_i/gtx_clk90_out"}]]]
resize_pblock [get_pblocks {CLKAG_tri_mode_ethernet_mac_0_0/inst/tri_mode_ethernet_mac_support_clocking_i/gtx_clk90_out}] -add {CLOCKREGION_X0Y0:CLOCKREGION_X0Y0 CLOCKREGION_X0Y1:CLOCKREGION_X0Y1}
#endgroup

# Clock net "tri_mode_ethernet_mac_0_0/inst/tri_mode_ethernet_mac_i/rgmii_interface/rx_mac_aclk" driven by instance "tri_mode_ethernet_mac_0_0/inst/tri_mode_ethernet_mac_i/rgmii_interface/bufr_rgmii_rx_clk" located at site "BUFR_X0Y5"
#startgroup
create_pblock {CLKAG_tri_mode_ethernet_mac_0_0/inst/tri_mode_ethernet_mac_i/rgmii_interface/rx_mac_aclk}
add_cells_to_pblock [get_pblocks  {CLKAG_tri_mode_ethernet_mac_0_0/inst/tri_mode_ethernet_mac_i/rgmii_interface/rx_mac_aclk}] [get_cells -filter { PRIMITIVE_GROUP != I/O && IS_PRIMITIVE==1 && PRIMITIVE_LEVEL !=INTERNAL } -of_object [get_pins -filter {DIRECTION==IN} -of_objects [get_nets -hierarchical -filter {PARENT=="tri_mode_ethernet_mac_0_0/inst/tri_mode_ethernet_mac_i/rgmii_interface/rx_mac_aclk"}]]]
resize_pblock [get_pblocks {CLKAG_tri_mode_ethernet_mac_0_0/inst/tri_mode_ethernet_mac_i/rgmii_interface/rx_mac_aclk}] -add {CLOCKREGION_X0Y1:CLOCKREGION_X0Y1}
#endgroup

# Clock net "clock_gen_0/global_clock_generation_0/inst/clk_out5" driven by instance "clock_gen_0/global_clock_generation_0/inst/clkout5_buf" located at site "BUFGCTRL_X0Y2"
#startgroup
create_pblock {CLKAG_clock_gen_0/global_clock_generation_0/inst/clk_out5}
add_cells_to_pblock [get_pblocks  {CLKAG_clock_gen_0/global_clock_generation_0/inst/clk_out5}] [get_cells -filter { PRIMITIVE_GROUP != I/O && IS_PRIMITIVE==1 && PRIMITIVE_LEVEL !=INTERNAL } -of_object [get_pins -filter {DIRECTION==IN} -of_objects [get_nets -hierarchical -filter {PARENT=="clock_gen_0/global_clock_generation_0/inst/clk_out5"}]]]
resize_pblock [get_pblocks {CLKAG_clock_gen_0/global_clock_generation_0/inst/clk_out5}] -add {CLOCKREGION_X0Y0:CLOCKREGION_X0Y0}
#endgroup

# Clock net "clock_gen_0/global_clock_generation_0/inst/clk_out4" driven by instance "clock_gen_0/global_clock_generation_0/inst/clkout4_buf" located at site "BUFGCTRL_X0Y4"
#startgroup
create_pblock {CLKAG_clock_gen_0/global_clock_generation_0/inst/clk_out4}
add_cells_to_pblock [get_pblocks  {CLKAG_clock_gen_0/global_clock_generation_0/inst/clk_out4}] [get_cells -filter { PRIMITIVE_GROUP != I/O && IS_PRIMITIVE==1 && PRIMITIVE_LEVEL !=INTERNAL } -of_object [get_pins -filter {DIRECTION==IN} -of_objects [get_nets -hierarchical -filter {PARENT=="clock_gen_0/global_clock_generation_0/inst/clk_out4"}]]]
resize_pblock [get_pblocks {CLKAG_clock_gen_0/global_clock_generation_0/inst/clk_out4}] -add {CLOCKREGION_X0Y0:CLOCKREGION_X0Y0}
#endgroup

# Clock net "clock_gen_0/global_clock_generation_0/inst/clk_out3" driven by instance "clock_gen_0/global_clock_generation_0/inst/clkout3_buf" located at site "BUFGCTRL_X0Y1"
#startgroup
create_pblock {CLKAG_clock_gen_0/global_clock_generation_0/inst/clk_out3}
add_cells_to_pblock [get_pblocks  {CLKAG_clock_gen_0/global_clock_generation_0/inst/clk_out3}] [get_cells -filter { PRIMITIVE_GROUP != I/O && IS_PRIMITIVE==1 && PRIMITIVE_LEVEL !=INTERNAL } -of_object [get_pins -filter {DIRECTION==IN} -of_objects [get_nets -hierarchical -filter {PARENT=="clock_gen_0/global_clock_generation_0/inst/clk_out3"}]]]
resize_pblock [get_pblocks {CLKAG_clock_gen_0/global_clock_generation_0/inst/clk_out3}] -add {CLOCKREGION_X0Y1:CLOCKREGION_X0Y1}
#endgroup

# Clock net "clock_gen_0/global_clock_generation_0/inst/clk_out2" driven by instance "clock_gen_0/global_clock_generation_0/inst/clkout2_buf" located at site "BUFGCTRL_X0Y3"
#startgroup
create_pblock {CLKAG_clock_gen_0/global_clock_generation_0/inst/clk_out2}
add_cells_to_pblock [get_pblocks  {CLKAG_clock_gen_0/global_clock_generation_0/inst/clk_out2}] [get_cells -filter { PRIMITIVE_GROUP != I/O && IS_PRIMITIVE==1 && PRIMITIVE_LEVEL !=INTERNAL } -of_object [get_pins -filter {DIRECTION==IN} -of_objects [get_nets -hierarchical -filter {PARENT=="clock_gen_0/global_clock_generation_0/inst/clk_out2"}]]]
resize_pblock [get_pblocks {CLKAG_clock_gen_0/global_clock_generation_0/inst/clk_out2}] -add {CLOCKREGION_X0Y0:CLOCKREGION_X0Y0 CLOCKREGION_X0Y1:CLOCKREGION_X0Y1}
#endgroup

# Clock net "clock_gen_0/global_clock_generation_0/inst/clk_out1" driven by instance "clock_gen_0/global_clock_generation_0/inst/clkout1_buf" located at site "BUFGCTRL_X0Y5"
#startgroup
create_pblock {CLKAG_clock_gen_0/global_clock_generation_0/inst/clk_out1}
add_cells_to_pblock [get_pblocks  {CLKAG_clock_gen_0/global_clock_generation_0/inst/clk_out1}] [get_cells -filter { PRIMITIVE_GROUP != I/O && IS_PRIMITIVE==1 && PRIMITIVE_LEVEL !=INTERNAL && NAME!=tri_mode_ethernet_mac_0_0/inst/tri_mode_ethernet_mac_support_clocking_i/mmcm_adv_inst} -of_object [get_pins -filter {DIRECTION==IN} -of_objects [get_nets -hierarchical -filter {PARENT=="clock_gen_0/global_clock_generation_0/inst/clk_out1"}]]]
resize_pblock [get_pblocks {CLKAG_clock_gen_0/global_clock_generation_0/inst/clk_out1}] -add {CLOCKREGION_X0Y1:CLOCKREGION_X0Y1}
#endgroup

# Clock net "clock_gen_0/clk_system_bufg" driven by instance "clock_gen_0/bufgce_0" located at site "BUFGCTRL_X0Y6"
#startgroup
create_pblock {CLKAG_clock_gen_0/clk_system_bufg}
add_cells_to_pblock [get_pblocks  {CLKAG_clock_gen_0/clk_system_bufg}] [get_cells -filter { PRIMITIVE_GROUP != I/O && IS_PRIMITIVE==1 && PRIMITIVE_LEVEL !=INTERNAL && NAME!=clock_gen_0/global_clock_generation_0/inst/mmcm_adv_inst} -of_object [get_pins -filter {DIRECTION==IN} -of_objects [get_nets -hierarchical -filter {PARENT=="clock_gen_0/clk_system_bufg"}]]]
resize_pblock [get_pblocks {CLKAG_clock_gen_0/clk_system_bufg}] -add {CLOCKREGION_X1Y2:CLOCKREGION_X1Y2}
#endgroup

# Clock net "aurora_8b10b_tx_0/inst/clock_module_i/CLK" driven by instance "aurora_8b10b_tx_0/inst/clock_module_i/user_clk_buf_i" located at site "BUFGCTRL_X0Y0"
#startgroup
create_pblock {CLKAG_aurora_8b10b_tx_0/inst/clock_module_i/CLK}
add_cells_to_pblock [get_pblocks  {CLKAG_aurora_8b10b_tx_0/inst/clock_module_i/CLK}] [get_cells -filter { PRIMITIVE_GROUP != I/O && IS_PRIMITIVE==1 && PRIMITIVE_LEVEL !=INTERNAL } -of_object [get_pins -filter {DIRECTION==IN} -of_objects [get_nets -hierarchical -filter {PARENT=="aurora_8b10b_tx_0/inst/clock_module_i/CLK"}]]]
resize_pblock [get_pblocks {CLKAG_aurora_8b10b_tx_0/inst/clock_module_i/CLK}] -add {CLOCKREGION_X0Y0:CLOCKREGION_X0Y0 CLOCKREGION_X0Y1:CLOCKREGION_X0Y1}
#endgroup
