#-----------------------------------------------------------
# Vivado v2017.4 (64-bit)
# SW Build 2086221 on Fri Dec 15 20:55:39 MST 2017
# IP Build 2085800 on Fri Dec 15 22:25:07 MST 2017
# Start of session at: Tue Jul 31 17:44:05 2018
# Process ID: 38764
# Current directory: C:/Users/KANG Jian/Desktop/video_trans_advanced/video_trans_sourcecode/ip_new/managed_ip_project/managed_ip_project.runs/axis_dwidth_converter_1_synth_1
# Command line: vivado.exe -log axis_dwidth_converter_1.vds -product Vivado -mode batch -messageDb vivado.pb -notrace -source axis_dwidth_converter_1.tcl
# Log file: C:/Users/KANG Jian/Desktop/video_trans_advanced/video_trans_sourcecode/ip_new/managed_ip_project/managed_ip_project.runs/axis_dwidth_converter_1_synth_1/axis_dwidth_converter_1.vds
# Journal file: C:/Users/KANG Jian/Desktop/video_trans_advanced/video_trans_sourcecode/ip_new/managed_ip_project/managed_ip_project.runs/axis_dwidth_converter_1_synth_1\vivado.jou
#-----------------------------------------------------------
source axis_dwidth_converter_1.tcl -notrace
